ets Jul 29 2019 12:21:46

rst:0x1 (POWERON_RESET),boot:0x13 (SPI_FAST_FLASH_BOOT)
configsip: 0, SPIWP:0xee
clk_drv:0x00,q_drv:0x00,d_drv:0x00,cs0_drv:0x00,hd_drv:0x00,wp_drv:0x00
mode:DIO, clock div:2
loadï¿½ets Jul 29 2019 12:21:46

rst:0x1 (POWERON_RESET),boot:0x13 (SPI_FAST_FLASH_BOOT)
configsip: 0, SPIWP:0xee
clk_drv:0x00,q_drv:0x00,d_drv:0x00,cs0_drv:0x00,hd_drv:0x00,wp_drv:0x00
mode:DIO, clock div:2
load:0x3fff0030,len:6276
load:0x40078000,len:15716
load:0x40080400,len:4
ho 8 tail 4 room 4
load:0x40080404,len:3860
entry 0x4008063c
[0;32mI (31) boot: ESP-IDF v5.4 2nd stage bootloader[0m
[0;32mI (31) boot: compile time Apr  1 2025 09:54:06[0m
[0;32mI (31) boot: Multicore bootloader[0m
[0;32mI (32) boot: chip revision: v3.1[0m
[0;32mI (35) boot.esp32: SPI Speed      : 40MHz[0m
[0;32mI (39) boot.esp32: SPI Mode       : DIO[0m
[0;32mI (42) boot.esp32: SPI Flash Size : 2MB[0m
[0;32mI (46) boot: Enabling RNG early entropy source...[0m
[0;32mI (50) boot: Partition Table:[0m
[0;32mI (53) boot: ## Label            Usage          Type ST Offset   Length[0m
[0;32mI (59) boot:  0 nvs              WiFi data        01 02 00009000 00006000[0m
[0;32mI (66) boot:  1 phy_init         RF data          01 01 0000f000 00001000[0m
[0;32mI (72) boot:  2 factory          factory app      00 00 00010000 00100000[0m
[0;32mI (79) boot: End of partition table[0m
[0;32mI (82) esp_image: segment 0: paddr=00010020 vaddr=3f400020 size=0b898h ( 47256) map[0m
[0;32mI (106) esp_image: segment 1: paddr=0001b8c0 vaddr=3ff80000 size=0001ch (    28) load[0m
[0;32mI (106) esp_image: segment 2: paddr=0001b8e4 vaddr=3ffb0000 size=02424h (  9252) load[0m
[0;32mI (113) esp_image: segment 3: paddr=0001dd10 vaddr=40080000 size=02308h (  8968) load[0m
[0;32mI (121) esp_image: segment 4: paddr=00020020 vaddr=400d0020 size=1704ch ( 94284) map[0m
[0;32mI (157) esp_image: segment 5: paddr=00037074 vaddr=40082308 size=0c03ch ( 49212) load[0m
[0;32mI (183) boot: Loaded app from partition at offset 0x10000[0m
[0;32mI (183) boot: Disabling RNG early entropy source...[0m
[0;32mI (194) cpu_start: Multicore app[0m
[0;32mI (202) cpu_start: Pro cpu start user code[0m
[0;32mI (202) cpu_start: cpu freq: 160000000 Hz[0m
[0;32mI (202) app_init: Application information:[0m
[0;32mI (202) app_init: Project name:     ESP-Gateway[0m
[0;32mI (206) app_init: App version:      v5.4[0m
[0;32mI (210) app_init: Compile time:     Apr  1 2025 16:32:44[0m
[0;32mI (215) app_init: ELF file SHA256:  6c5b6c103...[0m
[0;32mI (219) app_init: ESP-IDF:          v5.4[0m
[0;32mI (223) efuse_init: Min chip rev:     v0.0[0m
[0;32mI (227) efuse_init: Max chip rev:     v3.99 [0m
[0;32mI (231) efuse_init: Chip rev:         v3.1[0m
[0;32mI (235) heap_init: Initializing. RAM available for dynamic allocation:[0m
[0;32mI (241) heap_init: At 3FFAE6E0 len 00001920 (6 KiB): DRAM[0m
[0;32mI (246) heap_init: At 3FFB2D48 len 0002D2B8 (180 KiB): DRAM[0m
[0;32mI (251) heap_init: At 3FFE0440 len 00003AE0 (14 KiB): D/IRAM[0m
[0;32mI (257) heap_init: At 3FFE4350 len 0001BCB0 (111 KiB): D/IRAM[0m
[0;32mI (262) heap_init: At 4008E344 len 00011CBC (71 KiB): IRAM[0m
[0;32mI (269) spi_flash: detected chip: gd[0m
[0;32mI (271) spi_flash: flash io: dio[0m
[0;33mW (274) spi_flash: Detected size(16384k) larger than the size in the binary image header(2048k). Using the size in the binary image header.[0m
[0;33mW (286) i2c: This driver is an old driver, please migrate your application code to adapt `driver/i2c_master.h`[0m
[0;32mI (296) main_task: Started on CPU0[0m
[0;32mI (306) main_task: Calling app_main()[0m
[0;32mI (306) i2c_control.c: I2C initialized successfully[0m
[0;32mI (306) main_task: Returned from app_main()[0m
[1;31mE (306) i2c_control.c: SCD41 wake up command sent successfully[0m
[1;31mE (346) i2c_control.c: Failed to send measurement command to SCD41: ESP_FAIL[0m
[0;32mI (5346) i2c_control.c: Reading sensor data...[0m
[0;32mI (5346) i2c_control.c: CO2: 1049 ppm[0m
[0;32mI (5346) i2c_control.c: Temperature: 28.86Â°C[0m
[0;32mI (5346) i2c_control.c: Humidity: 45.94%[0m
[0;32mI (5346) i2c_control.c: SCD41 power down command sent successfully[0m
[1;31mE (15326) i2c_control.c: SCD41 wake up command sent successfully[0m
[0;32mI (15356) i2c_control.c: SCD41 performing measurements...[0m
[0;32mI (20356) i2c_control.c: Reading sensor data...[0m
[0;32mI (20356) i2c_control.c: CO2: 1012 ppm[0m
[0;32mI (20356) i2c_control.c: Temperature: 28.85Â°C[0m
[0;32mI (20356) i2c_control.c: Humidity: 45.73%[0m
[0;32mI (20356) i2c_control.c: SCD41 power down command sent successfully[0m
[1;31mE (30336) i2c_control.c: SCD41 wake up command sent successfully[0m
[0;32mI (30366) i2c_control.c: SCD41 performing measurements...[0m
[0;32mI (35366) i2c_control.c: Reading sensor data...[0m
[0;32mI (35366) i2c_control.c: CO2: 993 ppm[0m
[0;32mI (35366) i2c_control.c: Temperature: 28.83Â°C[0m
[0;32mI (35366) i2c_control.c: Humidity: 45.59%[0m
[0;32mI (35366) i2c_control.c: SCD41 power down command sent successfully[0m
